{
    "versions_stub": {
        "content": [
            [
                "test_sample_multiqc_report.html"
            ],
            [
                "test_sample_multiqc_report_data"
            ],
            [
                "versions.yml:md5,4cef48a383563d482bb8c20f7f8718f0"
            ]
        ],
        "meta": {
            "nf-test": "0.9.3",
            "nextflow": "25.10.2"
        },
        "timestamp": "2025-12-29T12:57:08.569703975"
    },
    "versions_diann": {
        "content": [
            [
                "versions.yml:md5,4cef48a383563d482bb8c20f7f8718f0"
            ]
        ],
        "meta": {
            "nf-test": "0.9.3",
            "nextflow": "25.10.2"
        },
        "timestamp": "2025-12-29T12:34:01.191090406"
    },
    "versions_quantms": {
        "content": [
            [
                "versions.yml:md5,4cef48a383563d482bb8c20f7f8718f0"
            ]
        ],
        "meta": {
            "nf-test": "0.9.3",
            "nextflow": "25.10.2"
        },
        "timestamp": "2025-12-29T12:52:43.249895468"
    },
    "versions": {
        "content": [
            [
                "versions.yml:md5,4cef48a383563d482bb8c20f7f8718f0"
            ]
        ],
        "meta": {
            "nf-test": "0.9.3",
            "nextflow": "25.10.2"
        },
        "timestamp": "2025-12-29T12:27:47.281606192"
    },
    "versions_config": {
        "content": [
            [
                "versions.yml:md5,4cef48a383563d482bb8c20f7f8718f0"
            ]
        ],
        "meta": {
            "nf-test": "0.9.3",
            "nextflow": "25.10.2"
        },
        "timestamp": "2025-12-29T12:32:22.691495661"
    }
}